1000:Yurem Elianna
999:Jensen Sloane
998:Hugh Kenley
997:Damari Iyana
996:Kolten Carleigh
995:Izayah Diya
994:Fletcher Riya
993:Carsen Laylah
992:Carlo Kathy
991:Baron Jamiya
990:Cortez Hailie
989:Pierre Dania
988:Cornelius Hadassah
987:Bronson Amaris
986:Eliezer Neveah
985:Jerimiah Laurel
984:Abdiel Kianna
983:Odin Desirae
982:Lennon Rory
981:Jaylan Miya
980:Deegan Leticia
979:Sammy Essence
978:Bridger Shayna
977:Jayvion Makaila
976:Callum Karsyn
975:Brenton Ashtyn
974:Arnav Kaylah
973:Turner Donna
972:Reagan Avah
971:Landin Chana
970:Dangelo Alyvia
969:Andreas Selina
968:Trystan Micaela
967:Simeon Esperanza
966:Kyan Averi
965:Keyon Maren
964:Donavan Dixie
963:Oswaldo Amiah
962:Marques Shea
961:Jan Mireya
960:Makhi Emelia
959:Chaz Denisse
958:Lamont Izabelle
957:Kyson Emmy
956:Case Chasity
955:Thaddeus Anabel
954:Jagger Azaria
953:Abdullah Nathalia
952:Sheldon Laci
951:Reilly Maryjane
950:Jayvon Shaylee
949:Yadiel Marin
948:Samson Livia
947:Reuben Nyasia
946:Gordon Heidy
945:Cassius Gretchen
944:Reynaldo Naima
943:Maximillian Payten
942:Denzel Paityn
941:Carmelo Kamora
940:Bernard Sydnee
939:Lyric Princess
938:Clarence Alannah
937:Bentley Tiara
936:Roderick Abigayle
935:Pranav Maribel
934:Geovanni Leia
933:Shamar Justine
932:Rishi Lilia
931:Nathanial Lara
930:Jakobe Ashanti
929:Hezekiah Alia
928:Slade Reina
927:Kamren Ashleigh
926:Tripp Monique
925:Kelton Kamari
924:Zaid Bria
923:Milton Ariella
922:Kadyn Mariela
921:Aarav Raina
920:Tyshawn Dalia
919:Jovany Anabella
918:Gaven Nola
917:Leroy Lina
916:Alden Sanai
915:Marquise Cloe
914:Jean Taniyah
913:Yosef Alani
912:Yael Marlie
911:Royce Shirley
910:Leandro Karley
909:Ethen Mina
908:Ayaan Cassie
907:Jovanni Aliana
906:Valentino Raelynn
905:Demarion Charlize
904:Immanuel Stephany
903:Howard Magdalena
902:Nikolai Karli
901:Malaki Carina
900:Camryn Adison
899:Broderick Yamilet
898:Zaiden Mira
897:Makai Krista
896:Eden Jewel
895:Antony Brynlee
894:Jarrett Frida
893:Beckham Deja
892:Salvatore Micah
891:Jovan Mckinley
890:Darion Lailah
889:Urijah Valery
888:Nick Gemma
887:Quinten Jaslyn
886:Jaydan Taniya
885:Fisher Mattie
884:Zack Lorelai
883:Leonidas Kristin
882:Dereon Zaniyah
881:Tyrese Sarahi
880:Houston Tia
879:Antwan Thalia
878:Konnor Lillianna
877:Koen Libby
876:Jeramiah Joyce
875:Dillan Giuliana
874:Jadiel Abagail
873:Branson Makena
872:Sterling Litzy
871:Rayan Jocelynn
870:Nikhil Tess
869:Ean Belen
868:Ralph Aracely
867:Keshawn Alisa
866:Blaze Ali
865:Octavio Nathaly
864:Glenn Lilianna
863:Sonny June
862:Rigoberto Yuliana
861:Nathen Aliza
860:Harper Rayne
859:German Meadow
858:Chaim Natalya
857:Rey Jaylen
856:Clinton Kaila
855:Jovanny Roselyn
854:Adonis Gina
853:Kael Evie
852:Jair Theresa
851:Ishaan Kaley
850:Dario Shyann
849:Clay Karma
848:Kenyon Areli
847:Devyn Salma
846:Vaughn Ryann
845:Ross Adalynn
844:Zaire Tianna
843:Darien Tanya
842:Samir Keely
841:Jordon Corinne
840:Bo Maleah
839:Dale Kenna
838:Yair Ashly
837:Marcel Yasmine
836:Kymani Mylie
835:Coby Karly
834:Cael Ireland
833:Brogan Beatrice
832:Anton Gillian
831:Krish Jazlene
830:Deon Ann
829:Cristofer Matilda
828:Savion Lizeth
827:Niko Hana
826:Franco Giada
825:Zayne Savanah
824:Konner Saige
823:Jadyn Moriah
822:Braedon Abbey
821:Aedan Nylah
820:Addison Charlee
819:Jaron Briley
818:Finley Tamara
817:Elian Kayley
816:Van Kendal
815:Nigel India
814:Ignacio Ayana
813:Sidney Olive
812:Matias Mara
811:Lucian Evelin
810:Dashawn Jaylyn
809:Winston Deborah
808:Kasey Damaris
807:Josh Marianna
806:Jaquan Edith
805:Humberto Xiomara
804:Ronin Jaylah
803:Justus Karissa
802:Jaidyn Jacey
801:Bruno Annabel
800:Yusuf Karlie
799:Rex Kierra
798:Ellis Janiah
797:Zain Shyla
796:Trevin Frances
795:Augustus Janae
794:Killian Jacquelyn
793:Jamarcus Charity
792:Hassan Alma
791:Gaige Precious
790:Bailey Isabell
789:Ernest Paloma
788:Darwin Cierra
787:Alfred Brisa
786:Rory Adrienne
785:Kasen Dominique
784:Cordell Angeline
783:Jovani Alisson
782:Donte Kelsie
781:Cullen Amelie
780:Raiden Giovanna
779:Kash Aimee
778:Tyrell Miah
777:Layton Keyla
776:Keon Kaiya
775:Marcelo Chanel
774:Luka Zara
773:Haiden Selah
772:Matthias Leyla
771:Jabari Patience
770:Maximo Sanaa
769:Todd Mayra
768:Kylan Averie
767:Jamir Araceli
766:Dax Ally
765:Vance Amirah
764:Marley Aisha
763:Dominique Amina
762:Frankie Campbell
761:Santos Rayna
760:Hamza Eileen
759:Kamron Cristal
758:Conrad Barbara
757:Roland Celia
756:Mike Cecelia
755:Arjun Armani
754:Darryl Rosemary
753:Efrain Aryana
752:Jasiah Yadira
751:Seamus Rhianna
750:Sage Dayami
749:Prince Chaya
748:Mathias Mariyah
747:Jordyn Belinda
746:Devan Jamya
745:Jaydin Dahlia
744:Emery Luciana
743:Lamar Emmalee
742:Zavier Elaine
741:Coleman Jazmyn
740:Agustin Elsie
739:Deangelo Cherish
738:Kareem Cailyn
737:Harold Abbie
736:Gauge Charlie
735:Rylee Shaniya
734:Isai Renee
733:Derick Leanna
732:Tristian Luz
731:Adolfo Milagros
730:Darnell Jazlynn
729:Keenan Lorena
728:Gilbert Haleigh
727:Adrien Carissa
726:Talan Kaylen
725:Damarion Stacy
724:Tyree Elsa
723:Soren Maci
722:Kadin Gia
721:Remington Alexus
720:Irvin Kaylyn
719:Sincere Ansley
718:Jamar Mareli
717:Duncan Katrina
716:Heath Janet
715:Dexter Hillary
714:Ace Destiney
713:Elvis Judith
712:Davon Susan
711:King Mollie
710:Brice Anabelle
709:Neil Joslyn
708:Demarcus Phoenix
707:Freddy Catalina
706:Sullivan Sonia
705:Korbin Akira
704:Messiah Larissa
703:Lawson Iliana
702:Aditya Annalise
701:Maxim Carlee
700:Jorden Aspen
699:Aidyn Zion
698:Clark Felicity
697:Uriah Kallie
696:Semaj Lainey
695:Randall Elyse
694:Wayne Greta
693:Antoine Julianne
692:Jax Jaylee
691:Eugene Mariam
690:Davian Emilie
689:Atticus Britney
688:Memphis Regina
687:Dwayne Angelique
686:Quintin Alena
685:Moshe Regan
684:Mohammad Kasey
683:Deven Gracelyn
682:Markus Zaria
681:Nash Paula
680:Rodolfo Lorelei
679:Rhys Clare
678:Rhett Carolyn
677:Amare Yaritza
676:Giovanny Reyna
675:Camren Jakayla
674:Alexzander Monserrat
673:Lee Carlie
672:Misael Ellen
671:Jamie Yoselin
670:Draven Pamela
669:Aryan Taliyah
668:Kole Aliya
667:Nico Kaia
666:Luciano Kinley
665:Karter Finley
664:Ray Aleena
663:Gilberto Shania
662:Kamden Madilynn
661:Kaeden Kiersten
660:Alonso Amiya
659:Zechariah Sariah
658:Teagan Sherlyn
657:Johnathon Arabella
656:Francis Shyanne
655:Chace Eve
654:Tyrone Yazmin
653:Stanley Gisselle
652:Santino Jaycee
651:Brennen Tiana
650:Cedric Shiloh
649:Ramiro Maia
648:Mohammed Adyson
647:Finnegan Siena
646:Rashad Scarlet
645:Kendall Kaya
644:Harry Jaylene
643:Jase Marisa
642:Deacon Alisha
641:Valentin Sharon
640:Lewis Macey
639:Alvaro Lea
638:Zackery Maeve
637:Junior Carley
636:Elisha Irene
635:Giancarlo Maliyah
634:Darrell Camilla
633:Asa Giana
632:Rudy Tara
631:Cannon Haven
630:Raphael Lilyana
629:Malakai Kaliyah
628:Xzavier Kailee
627:Aydin Aleah
626:Gavyn Jessie
625:Zachery Raven
624:Alessandro Noemi
623:Cale Isla
622:Vicente Elisa
621:Leonard Marlene
620:Kolby Liberty
619:Layne Arielle
618:Ronnie Zoie
617:Muhammad Martha
616:Jerome Destinee
615:Madden Lucille
614:Blaine Jaqueline
613:Giovani Aryanna
612:Bradyn Helena
611:Ben Azul
610:Jaeden Arely
609:Barrett Jordin
608:Ryland Jayleen
607:Kian Isis
606:Enzo Tania
605:Terrence Lisa
604:Rolando Myah
603:Gerald Cristina
602:Darian Myla
601:Brooks Jenny
600:Aron Karlee
599:Jefferson Liana
598:Jaylon Ada
597:Damion Yaretzi
596:Kason Skyla
595:Deshawn Aiyana
594:Davin Journey
593:Steve Madalynn
592:Harley Deanna
591:Wade Tabitha
590:Osvaldo Jaylin
589:Ibrahim Annabella
588:Craig Nathalie
587:Will Paulina
586:Branden Gwendolyn
585:Alfonso Yareli
584:Adriel Carla
583:Armani Amani
582:Ulises Kaleigh
581:Marquis Zariah
580:Kody Teresa
579:Toby Ayanna
578:Brendon Amara
577:Dominik Adelyn
576:Ahmed Rubi
575:Rogelio Aria
574:Joey Kamila
573:Javion Anika
572:Braylen Raquel
571:Cason Janessa
570:Ariel Whitney
569:Aldo Marilyn
568:Jamal Laney
567:Aydan Kirsten
566:Trevon Kinsley
565:Marlon Jaidyn
564:Billy Jolie
563:Boston Braelyn
562:Willie Virginia
561:Rene Maritza
560:Yandel Clarissa
559:Ahmad Sylvia
558:Brent Dayanara
557:Reginald Aylin
556:Jairo Addisyn
555:Tristin Tamia
554:Matteo Mila
553:Terrell Kennedi
552:Allan Krystal
551:Tomas Adelaide
550:London Simone
549:Julien Juliette
548:Abram Joy
547:Emmett Natalee
546:Malcolm Marie
545:Waylon Ingrid
544:Omari Jaliyah
543:Gianni Saniyah
542:Alonzo Justice
541:Jessie Kaitlynn
540:Gunnar Mikaela
539:Kamari Christine
538:Orion Marina
537:Wilson Kenya
536:Kenny Daphne
535:Felipe Ashlee
534:Gideon Ryan
533:Colt Isabela
532:Ari Dylan
531:Tobias Brylee
530:Kieran Elliana
529:Jett Yesenia
528:Rohan Mercedes
527:Jon Kaylynn
526:Jamison Adalyn
525:Bobby Elisabeth
524:Terrance Kassandra
523:Frederick Sidney
522:Kendrick Abril
521:Jaylin Melina
520:Demetrius Jaiden
519:Ezequiel Caylee
518:Noe Jaida
517:Conor Jaelynn
516:Tommy Quinn
515:Skylar Mckayla
514:Nathanael Jaylynn
513:Quincy Bailee
512:Cyrus Bryanna
511:Maverick Saniya
510:Jeffery Hallie
509:Warren Linda
508:Trace Abbigail
507:Pierce Londyn
506:Ronan Halle
505:Mohamed Parker
504:Kristian Lexie
503:Rodney America
502:Leon Kali
501:Jermaine Skye
500:Kale Samara
499:Walker Anne
498:Triston Patricia
497:Roy Haylie
496:Isaias Cheyanne
495:Moses Kristina
494:Braiden Elle
493:Nelson Amya
492:Cristopher Kristen
491:Khalil Francesca
490:Carl Tori
489:Keagan Taryn
488:Zayden Kassidy
487:Karson Heather
486:Leonel Danika
485:Jamarion Lillie
484:Dayton Miracle
483:Brycen Aileen
482:August Shannon
481:Porter Rachael
480:Beckett Alyson
479:Melvin Amiyah
478:Kolton Perla
477:Terry Lauryn
476:Bruce Norah
475:Micheal Viviana
474:Emerson Kiana
473:Jadon Kenzie
472:Damon Jaden
471:Gunner Kaitlin
470:Guillermo Aubrie
469:Alijah Rowan
468:Noel Emery
467:Franklin Dana
466:Romeo Casey
465:Talon Paris
464:Quinton Nia
463:Roger Cara
462:Reese Elaina
461:River Alanna
460:Deandre Sage
459:Cory Emilee
458:Sam Wendy
457:Chandler Rosa
456:Kelvin Hailee
455:Marc Athena
454:Chad Paisley
453:Jonathon Meghan
452:Jasper Kathleen
451:Byron Juliet
450:Johan Evangeline
449:Milo Diamond
448:Nasir Johanna
447:Javon Lesly
446:Isiah Kailyn
445:Camron Meredith
444:Kellen Marisol
443:Titus Noelle
442:Dorian Sandra
441:Zachariah Ainsley
440:Davion Lena
439:Kane Anaya
438:Eddie Alissa
437:Alvin Anahi
436:Shaun Amira
435:Salvador Lilian
434:Jaydon Cindy
433:Tate Mylee
432:Justice Lana
431:Mekhi Gloria
430:Nikolas Logan
429:Solomon Lyric
428:Izaiah Macie
427:Lawrence Lia
426:Gary Cali
425:Kristopher Melany
424:Douglas Danna
423:Jacoby Fernanda
422:Paxton Skyler
421:Brodie Brittany
420:Ryker Brenna
419:Orlando Baylee
418:Rocco Allisson
417:Ramon Claudia
416:Morgan Priscilla
415:Reece Harley
414:Kade Hadley
413:Desmond Natasha
412:Ernesto Lilliana
411:Joe Lilah
410:Davis Dayana
409:Reed Nyla
408:Colten Willow
407:Leland Alessandra
406:Russell Ayla
405:Maurice Lacey
404:Bryant Sarai
403:Kobe Estrella
402:Nickolas Annika
401:Phoenix Emilia
400:Yahir Yasmin
399:Landyn Luna
398:Ali Jimena
397:Beau Celeste
396:Lance Jadyn
395:Jay Raegan
394:Judah Bridget
393:Walter Amari
392:Marshall Annie
391:Jamari Kayden
390:Alec Jane
389:Hugo Talia
388:Alfredo Madyson
387:Uriel Kadence
386:Elliott Asia
385:Darren Madelynn
384:Jayce Imani
383:Everett Itzel
382:Jameson Hayley
381:Greyson Desiree
380:Curtis Lindsay
379:Quentin Nancy
378:Philip Jazlyn
377:Issac Kaylin
376:Moises Jaslene
375:Larry Anya
374:Mathew Serena
373:Marvin Lizbeth
372:Albert Janelle
371:Keaton Helen
370:Dennis Nataly
369:Mauricio Marlee
368:Finn Tatum
367:Cruz Hanna
366:Esteban Madisyn
365:Ricky Holly
364:Nehemiah Denise
363:Arthur Sasha
362:Zackary Ruth
361:Bennett Adeline
360:Abel Anastasia
359:Reid Janiya
358:Holden Penelope
357:Tony Michaela
356:Cohen Janiyah
355:Jimmy Carolina
354:Felix Rebekah
353:Brenden Audrina
352:Arturo Selena
351:Louis Kaelyn
350:Dane Paola
349:Ismael Nayeli
348:Chris Phoebe
347:Declan Fiona
346:Braeden Shayla
345:Dean Malia
344:Amari Rose
343:Aaden Hazel
342:Gustavo Brenda
341:Jayson Iris
340:Rowan Angie
339:Tristen Julissa
338:Alberto Brielle
337:Mitchell Presley
336:Casey Danica
335:Lorenzo Julie
334:Dallas Marely
333:Brayan April
332:Elliot Ximena
331:Donald Erika
330:Danny Jaelyn
329:Saul Tatiana
328:Pablo Eliza
327:Rodrigo Maddison
326:Anderson Alice
325:Braydon Genevieve
324:Weston Ciara
323:Graham Brynn
322:Scott Cora
321:Jaime Teagan
320:Jerry Cameron
319:Lane Kaylie
318:Darius Bethany
317:Jalen Monica
316:Trey Kyleigh
315:Emiliano Kiera
314:Keith Harmony
313:Silas Rylie
312:Trent Georgia
311:Brett Rihanna
310:Cade Cynthia
309:Jakob Miriam
308:Ronald Kailey
307:Charlie Kiley
306:Julius Joselyn
305:Phillip Emely
304:Luca Lucia
303:Dustin Daniella
302:Easton Dulce
301:Randy Savanna
300:Maximilian Camille
299:Adan Lexi
298:Zander Ivy
297:Amir Harper
296:Gael Guadalupe
295:Theodore Katelynn
294:Allen Josie
293:Armando Erica
292:Ezra Madalyn
291:Dante Kimora
290:Gerardo Emerson
289:Corey Heidi
288:Fabian Aurora
287:Raul Madilyn
286:Derrick Kaydence
285:Julio Alayna
284:Angelo Cassandra
283:Grady Joanna
282:Malik Ashlynn
281:Emilio Macy
280:Quinn Melody
279:Enrique Nina
278:Frank Leilani
277:Brock Lindsey
276:Payton Aubree
275:Joaquin Heaven
274:Jonas Esther
273:Colby Alison
272:Axel Aniya
271:Kyler Madeleine
270:Kameron Cecilia
269:Dawson Courtney
268:Jaxson Kamryn
267:Xander Dakota
266:Myles Allyson
265:Skyler Valentina
264:Dillon Ryleigh
263:Brennan Jamie
262:Corbin Carmen
261:Simon Veronica
260:Emanuel Kara
259:Ruben Abby
258:Maximus Jayda
257:Marcos Angelica
256:Taylor Eleanor
255:Chance Alejandra
254:Aden Esmeralda
253:Cash Mallory
252:Braylon Crystal
251:Mateo Kira
250:Caiden Tiffany
249:Tyson Fatima
248:Pedro Kelly
247:Ty Kyla
246:Johnny Lola
245:Lukas Alina
244:Drew Camryn
243:Devon Karla
242:Griffin Jazmine
241:Ezekiel Kiara
240:Dominick Addyson
239:Kingston Kayleigh
238:Rafael Kyra
237:Tucker Karina
236:Gregory Kendra
235:Zane Caitlin
234:Roberto Haylee
233:Clayton Callie
232:Zion Eden
231:Troy Izabella
230:Drake Allie
229:Kai Makenna
228:Calvin Cassidy
227:Leo Caitlyn
226:Dakota Leila
225:Sawyer Hope
224:Jude Jasmin
223:Marco Alaina
222:Keegan Lyla
221:Martin Chelsea
220:Andre Mckenna
219:Harrison Nadia
218:Dalton Elise
217:Rylan Ariel
216:Avery Nora
215:Raymond Laura
214:Donovan Maggie
213:Erik Alexia
212:Lincoln Cadence
211:Andy Elena
210:Israel Scarlett
209:Sergio Delaney
208:Maddox Josephine
207:Brendan Vivian
206:Asher Clara
205:Roman Jazmin
204:Camden Bianca
203:Ryder Eliana
202:Braxton Tessa
201:Bradley Alondra
200:Johnathan Christina
199:Landen Mariana
198:Jeffrey Amaya
197:Jared Carly
196:Trenton Khloe
195:Shawn Kelsey
194:Wesley Julianna
193:Edgar Delilah
192:Stephen Aliyah
191:Spencer Skylar
190:Kaiden Kathryn
189:Damien Alexandria
188:Grayson Annabelle
187:Abraham Aniyah
186:Manuel Stella
185:Mario Sabrina
184:Jaylen Violet
183:Peter Karen
182:Josue Brooklynn
181:Hector Alivia
180:Jace Margaret
179:Erick Lila
178:Bryson Alicia
177:Travis Sienna
176:Hudson Jayden
175:Edwin Sierra
174:Shane Jillian
173:Cayden Adrianna
172:Francisco Piper
171:Santiago Summer
170:Leonardo Mikayla
169:Alexis Ana
168:Jaiden Breanna
167:Miles Ellie
166:Javier Alana
165:Cesar Amber
164:Fernando Erin
163:Conner Miranda
162:Malachi Makenzie
161:Tanner Daisy
160:Garrett Angel
159:Derek Cheyenne
158:Andres Shelby
157:Elias Juliana
156:Braden London
155:Paul Marissa
154:Jaxon Reese
153:George Ashlyn
152:Kayden Jacqueline
151:Nicolas Mckenzie
150:Cristian Liliana
149:Ricardo Catherine
148:Edward Kendall
147:Trevor Leslie
146:Emmanuel Marley
145:Omar Briana
144:Gage Danielle
143:Collin Kylee
142:Grant Jordyn
141:Eduardo Reagan
140:Giovanni Laila
139:Mark Kate
138:Jorge Amanda
137:Jonah Diana
136:Kenneth Giselle
135:Alan Valerie
134:Maxwell Melissa
133:Damian Angela
132:Ivan Amy
131:Nolan Gabriela
130:Peyton Jordan
129:Jeremy Jade
128:Seth Katie
127:Patrick Miley
126:Max Hayden
125:Marcus Lilly
124:Preston Adriana
123:Micah Keira
122:Cody Bella
121:Ashton Daniela
120:Vincent Lydia
119:Oscar Rebecca
118:Oliver Naomi
117:Levi Jayla
116:Bryce Rylee
115:Kaleb Kennedy
114:Colin Eva
113:Joel Ruby
112:Jake Lucy
111:Victor Serenity
110:Jesse Jada
109:Devin Sadie
108:Timothy Natalia
107:Richard Jenna
106:Riley Nicole
105:Alejandro Stephanie
104:Steven Molly
103:Parker Michelle
102:Antonio Mya
101:Miguel Haley
100:Eli Megan
99:Kaden Gracie
98:Colton Zoey
97:Kyle Mary
96:Josiah Isabel
95:Caden Genesis
94:Brady Caroline
93:Dominic Isabelle
92:Cooper Sara
91:Ayden Faith
90:Blake Payton
89:Carson Autumn
88:Jaden Paige
87:Brian Charlotte
86:Eric Gianna
85:Alex Melanie
84:Cole Jennifer
83:Sean Camila
82:Bryan Bailey
81:Tristan Ariana
80:Ian Katelyn
79:Jesus Gabrielle
78:Henry Mariah
77:Nathaniel Aaliyah
76:Hayden Vanessa
75:Liam Rachel
74:Sebastian Sophie
73:Carlos Valeria
72:Adam Maya
71:Xavier Andrea
70:Brody Trinity
69:Jeremiah Angelina
68:Diego Amelia
67:Chase Jocelyn
66:Juan Arianna
65:Carter Mackenzie
64:Luis Maria
63:Charles Madelyn
62:Wyatt Claire
61:Julian Alexandra
60:Jason Peyton
59:Aidan Jessica
58:Owen Zoe
57:Connor Kimberly
56:Adrian Madeline
55:Austin Layla
54:Hunter Evelyn
53:Cameron Kaitlyn
52:Thomas Brooke
51:Brayden Kylie
50:Aaron Alexa
49:Robert Sydney
48:Jordan Destiny
47:Zachary Brooklyn
46:Lucas Morgan
45:Justin Katherine
44:Landon Audrey
43:Luke Jasmine
42:Isaiah Aubrey
41:Jose Leah
40:Kevin Julia
39:Jack Riley
38:Evan Avery
37:Isaac Makayla
36:Angel Sofia
35:Mason Gabriella
34:Caleb Nevaeh
33:Brandon Savannah
32:Jackson Allison
31:Dylan Kaylee
30:Gavin Lauren
29:Nicholas Lillian
28:Samuel Kayla
27:Tyler Victoria
26:Jonathan Anna
25:Benjamin Hailey
24:Gabriel Lily
23:Christian Brianna
22:Elijah Taylor
21:Nathan Grace
20:John Sarah
19:Logan Ella
18:Ryan Ashley
17:James Hannah
16:Aiden Alyssa
15:Noah Alexis
14:David Mia
13:Joseph Natalie
12:Andrew Addison
11:Jayden Samantha
10:Matthew Chloe
9:Christopher Elizabeth
8:William Abigail
7:Anthony Sophia
6:Alexander Olivia
5:Daniel Ava
4:Joshua Madison
3:Ethan Emily
2:Michael Isabella
1:Jacob Emma
